// Jest Snapshot v1, https://goo.gl/fbAQLP

exports[`Terms snapshot 1`] = `
<View>
  <Text
    accessible={true}
    allowFontScaling={true}
    ellipsizeMode="tail"
    style={
      Object {
        "color": "black",
        "fontFamily": "OpenSans-Regular",
        "fontSize": 18,
        "textAlign": "center",
      }
    }
  />
</View>
`;
